0
aws s3 cp --foo --bar -- PLACEHOLDER s3://test/test/PLACEHOLDER
Upload exit code: 0
