0
aws s3 cp -- PLACEHOLDER s3://test/polkadot/v0.9.30/PLACEHOLDER
Upload exit code: 0
