1
For input file: foo.txt
Downloading destination: test/foo.txt
TODO: IMPLEMENT ME!
