0
Deleting file: foo.txt
Deleting destination: test/foo.txt
Deletion exit code: 0
